// Jest Snapshot v1, https://goo.gl/fbAQLP

exports[`Product List Snapshot 1`] = `
<ul
  className="productList"
>
  <li
    className="productListItem"
    data-testid="Beans-0"
  >
    <div
      className="product"
    >
      <h4
        className="title"
      >
        Beans
      </h4>
      <p
        className="price"
      >
        £0.5
      </p>
      <div
        className="controls"
      >
        <button
          name="product-increment-btn"
          onClick={[Function]}
          type="button"
        >
          +
        </button>
        <button
          name="product-decrement-btn"
          onClick={[Function]}
          type="button"
        >
          -
        </button>
      </div>
    </div>
  </li>
  <li
    className="productListItem"
    data-testid="Coke-1"
  >
    <div
      className="product"
    >
      <h4
        className="title"
      >
        Coke
      </h4>
      <p
        className="price"
      >
        £0.7
      </p>
      <div
        className="controls"
      >
        <button
          name="product-increment-btn"
          onClick={[Function]}
          type="button"
        >
          +
        </button>
        <button
          name="product-decrement-btn"
          onClick={[Function]}
          type="button"
        >
          -
        </button>
      </div>
    </div>
  </li>
  <li
    className="productListItem"
    data-testid="Oranges-2"
  >
    <div
      className="product"
    >
      <h4
        className="title"
      >
        Oranges
      </h4>
      <p
        className="price"
      >
        £1.99/kg
      </p>
      <div
        className="controls"
      >
        <button
          name="product-increment-btn"
          onClick={[Function]}
          type="button"
        >
          +
        </button>
        <button
          name="product-decrement-btn"
          onClick={[Function]}
          type="button"
        >
          -
        </button>
      </div>
    </div>
  </li>
</ul>
`;
