// Jest Snapshot v1, https://goo.gl/fbAQLP

exports[`Product Item Snapshot 1`] = `
<div
  className="product"
>
  <h4
    className="title"
  >
    Beans
  </h4>
  <p
    className="price"
  >
    £0.5
  </p>
  <div
    className="controls"
  >
    <button
      name="product-increment-btn"
      onClick={[Function]}
      type="button"
    >
      +
    </button>
    <button
      name="product-decrement-btn"
      onClick={[Function]}
      type="button"
    >
      -
    </button>
  </div>
</div>
`;
