// Jest Snapshot v1, https://goo.gl/fbAQLP

exports[`Cart Snapshot 1`] = `
<div
  className="cart"
>
  <section
    className="subTotal"
    data-testid="cart-sub-total"
  >
    <ul
      className="subTotalList"
    >
      <li
        className="subTotalListItem"
        data-id="Beans-0"
      >
        <span>
          Beans
        </span>
        <span>
          £0.50
        </span>
      </li>
      <li
        className="subTotalListItem"
        data-id="Beans-1"
      >
        <span>
          Beans
        </span>
        <span>
          £0.50
        </span>
      </li>
      <li
        className="subTotalListItem"
        data-id="Beans-2"
      >
        <span>
          Beans
        </span>
        <span>
          £0.50
        </span>
      </li>
      <li
        className="subTotalListItem"
        data-id="Coke-0"
      >
        <span>
          Coke
        </span>
        <span>
          £0.70
        </span>
      </li>
    </ul>
    <hr
      className="subTotalSeparator"
    />
    <p
      className="subTotalPrice"
    >
      <span>
        Sub-Total
      </span>
      <span>
        £2.2
      </span>
    </p>
  </section>
  <hr
    className="totalSeparator"
  />
  <div
    className="total"
    data-testid="cart-total"
  >
    <span>
      Total
    </span>
    <span>
      £2.2
    </span>
  </div>
</div>
`;
